// Jest Snapshot v1, https://goo.gl/fbAQLP

exports[`should render AddExpensePage correctly 1`] = `
<div>
  <h1>
    Add Expense Pages
  </h1>
  <ExpenseForm
    onSubmit={[Function]}
    submitType="Add"
  />
</div>
`;
