// Jest Snapshot v1, https://goo.gl/fbAQLP

exports[`should render EditExpensePage correctly 1`] = `
<div>
  <h1>
    Edit Expense
  </h1>
  <ExpenseForm
    expense={
      Object {
        "amount": 5000,
        "createdAt": -345600000,
        "description": "Rent",
        "id": "2",
        "note": "",
      }
    }
    onSubmit={[Function]}
    submitType="Edit"
  />
  <button
    onClick={[Function]}
  >
    Remove
  </button>
</div>
`;
