// Jest Snapshot v1, https://goo.gl/fbAQLP

exports[`should render ExpenseDashboardPage correctly 1`] = `
<div>
  <hr />
  <Connect(ExpensesTotal) />
  <Connect(ExpenseListFilters) />
  <Connect(ExpenseList) />
</div>
`;
